action: GLOB, msg: packaging
cwd: /Users/matthew/Workspace/Personal/catalogue
cmd: /Users/matthew/.local/share/virtualenvs/catalogue-l6Vp3Mr_/bin/python setup.py sdist --formats=zip --dist-dir .tox/dist
running sdist
running egg_info
writing src/catalogue.egg-info/PKG-INFO
writing dependency_links to src/catalogue.egg-info/dependency_links.txt
writing top-level names to src/catalogue.egg-info/top_level.txt
reading manifest file 'src/catalogue.egg-info/SOURCES.txt'
writing manifest file 'src/catalogue.egg-info/SOURCES.txt'
running check
creating catalogue-0.5.1
creating catalogue-0.5.1/src
creating catalogue-0.5.1/src/catalogue.egg-info
copying files to catalogue-0.5.1...
copying README.md -> catalogue-0.5.1
copying setup.cfg -> catalogue-0.5.1
copying setup.py -> catalogue-0.5.1
copying src/catalogue.egg-info/PKG-INFO -> catalogue-0.5.1/src/catalogue.egg-info
copying src/catalogue.egg-info/SOURCES.txt -> catalogue-0.5.1/src/catalogue.egg-info
copying src/catalogue.egg-info/dependency_links.txt -> catalogue-0.5.1/src/catalogue.egg-info
copying src/catalogue.egg-info/top_level.txt -> catalogue-0.5.1/src/catalogue.egg-info
Writing catalogue-0.5.1/setup.cfg
creating '.tox/dist/catalogue-0.5.1.zip' and adding 'catalogue-0.5.1' to it
adding 'catalogue-0.5.1'
adding 'catalogue-0.5.1/src'
adding 'catalogue-0.5.1/PKG-INFO'
adding 'catalogue-0.5.1/README.md'
adding 'catalogue-0.5.1/setup.py'
adding 'catalogue-0.5.1/setup.cfg'
adding 'catalogue-0.5.1/src/catalogue.egg-info'
adding 'catalogue-0.5.1/src/catalogue.egg-info/PKG-INFO'
adding 'catalogue-0.5.1/src/catalogue.egg-info/SOURCES.txt'
adding 'catalogue-0.5.1/src/catalogue.egg-info/top_level.txt'
adding 'catalogue-0.5.1/src/catalogue.egg-info/dependency_links.txt'
removing 'catalogue-0.5.1' (and everything under it)
